<html>
<body>
<pre>
<h1>µVision Build Log</h1>
<h2>Project:</h2>
D:\aeDesign\06.Codes\Basic\STM32F10x_02.GPIO\RVMDK\GPIO.uvproj
Project File Date:  04/18/2017

<h2>Output:</h2>
Rebuild target 'Project'
compiling main.c...
compiling stm32f10x_it.c...
compiling ae_GPIO.c...
compiling misc.c...
compiling stm32f10x_gpio.c...
compiling stm32f10x_rcc.c...
assembling startup_stm32f10x_md.s...
compiling system_stm32f10x.c...
compiling core_cm3.c...
linking...
Program Size: Code=2784 RO-data=268 RW-data=40 ZI-data=1632  
".\Output\Project.axf" - 0 Error(s), 0 Warning(s).
efined symbol RCC_APB2PeriphResetCmd (referred from stm32f10x_gpio.o).
Not enough information to list image symbols.
Finished: 1 information, 0 warning and 2 error messages.
".\Output\Project.axf" - 2 Error(s), 0 Warning(s).
Target not created
